
> karlo-ban-ui@0.1.0 build
> next build

Γû▓ Next.js 16.2.2 (Turbopack)
- Environments: .env

  Creating an optimized production build ...
node.exe : Browserslist: browsers data (caniuse-lite) is 6 months old. Please run:
At line:1 char:1
+ & "C:\Program Files\nodejs/node.exe" "C:\Program Files\nodejs/node_mo ...
+ ~~~~~~~~~~~~~~~~~~~~~~~~~~~~~~~~~~~~~~~~~~~~~~~~~~~~~~~~~~~~~~~~~~~~~
    + CategoryInfo          : NotSpecified: (Browserslist: b...ld. Please run::String) [] 
   , RemoteException
    + FullyQualifiedErrorId : NativeCommandError
 
  npx update-browserslist-db@latest
  Why you should do it regularly: https://github.com/browserslist/update-db#readme

> Build error occurred
Error: Turbopack build failed with 16 errors:
./src/components/sections/IdeaInsightPage/MarketingBlogCart.tsx:60:26
Expected '</', got 'ident'
  [90m58 |[0m
  [90m59 |[0m             <div className=[32m"mt-5 flex gap-3 text-sm items-start 
opacity-95"[0m>
[31m[1m>[0m [90m60 |[0m               <img src=[32m'/assets/Image/circle.svg" 
className="w-6 mt-1" />[0m
  [90m   |[0m                          [31m[1m^^^^^^[0m
  [90m61 |[0m [32m              <span className="md:text-lg text-md">[0m
  [90m62 |[0m [32m                UX, clarity, structure & conversion fundamentals 
that scale results.[0m
  [90m63 |[0m [32m              </span>[0m

Parsing ecmascript source code failed

Import traces:
  Browser:
    ./src/components/sections/IdeaInsightPage/MarketingBlogCart.tsx
    ./src/components/sections/IdeaInsightPage/IdeasInsights.tsx
    ./src/pages/IdeaInsightPage.tsx

  SSR:
    ./src/components/sections/IdeaInsightPage/MarketingBlogCart.tsx
    ./src/components/sections/IdeaInsightPage/IdeasInsights.tsx
    ./src/pages/IdeaInsightPage.tsx

  Server Component:
    ./src/components/sections/IdeaInsightPage/MarketingBlogCart.tsx
    ./src/components/sections/IdeaInsightPage/IdeasInsights.tsx
    ./src/app/ideas-insights/page.tsx


./src/components/sections/Footer.tsx:92:20
Unterminated string constant
  [90m 90 |[0m
  [90m 91 |[0m         <div className=[32m"mb-10"[0m>
[31m[1m>[0m [90m 92 |[0m           <img 
src=[32m'/assets/Image/hrescic-logo-white.svg"></img>[0m
  [90m    |[0m                    
[31m[1m^^^^^^^^^^^^^^^^^^^^^^^^^^^^^^^^^^^^^^^^^^^^[0m
[31m[1m>[0m [90m 93 |[0m [32m        </div>[0m
  [90m    |[0m [31m[1m^^^^^^^^^^^^^^[0m
[31m[1m>[0m [90m 94 |[0m [32m        {/* Columns */}[0m
  [90m    |[0m [31m[1m^^^^^^^^^^^^^^^^^^^^^^^[0m
[31m[1m>[0m [90m 95 |[0m [32m        <div className="grid grid-cols-1 
md:grid-cols-3 gap-10">[0m
  [90m    |[0m 
[31m[1m^^^^^^^^^^^^^^^^^^^^^^^^^^^^^^^^^^^^^^^^^^^^^^^^^^^^^^^^^^^^^^^^[0m
[31m[1m>[0m [90m 96 |[0m [32m          {/* Explore */}[0m
  [90m    |[0m [31m[1m^^^^^^^^^^^^^^^^^^^^^^^^^[0m
[31m[1m>[0m [90m 97 |[0m [32m          <div>[0m
  [90m    |[0m [31m[1m^^^^^^^^^^^^^^^[0m
[31m[1m>[0m [90m 98 |[0m [32m            <FooterHeading title="Explore" />[0m
  [90m    |[0m [31m[1m^^^^^^^^^^^^^^^^^^^^^^^^^^^^^^^^^^^^^^^^^^^^^[0m
[31m[1m>[0m [90m 99 |[0m [32m            <ul className="space-y-1.5">[0m
  [90m    |[0m [31m[1m^^^^^^^^^^^^^^^^^^^^^^^^^^^^^^^^^^^^^^^^[0m
[31m[1m>[0m [90m100 |[0m [32m              {exploreLinks.map((link) => ([0m
  [90m    |[0m [31m[1m^^^^^^^^^^^^^^^^^^^^^^^^^^^^^^^^^^^^^^^^^^^[0m
[31m[1m>[0m [90m101 |[0m [32m                <FooterLink key={link.label} 
href={link.href}  >[0m
  [90m    |[0m 
[31m[1m^^^^^^^^^^^^^^^^^^^^^^^^^^^^^^^^^^^^^^^^^^^^^^^^^^^^^^^^^^^^^^^^[0m
[31m[1m>[0m [90m102 |[0m [32m                  {link.label}[0m
  [90m    |[0m [31m[1m^^^^^^^^^^^^^^^^^^^^^^^^^^^^^^[0m
[31m[1m>[0m [90m103 |[0m [32m                </FooterLink>[0m
  [90m    |[0m [31m[1m^^^^^^^^^^^^^^^^^^^^^^^^^^^^^[0m
[31m[1m>[0m [90m104 |[0m [32m              ))}[0m
  [90m    |[0m [31m[1m^^^^^^^^^^^^^^^^^[0m
[31m[1m>[0m [90m105 |[0m [32m            </ul>[0m
  [90m    |[0m [31m[1m^^^^^^^^^^^^^^^^^[0m
[31m[1m>[0m [90m106 |[0m [32m          </div>[0m
  [90m    |[0m [31m[1m^^^^^^^^^^^^^^^^[0m
[31m[1m>[0m [90m107 |[0m
  [90m    |[0m [31m[1m^[0m
[31m[1m>[0m [90m108 |[0m [32m          {/* Connect */}[0m
  [90m    |[0m [31m[1m^^^^^^^^^^^^^^^^^^^^^^^^^[0m
[31m[1m>[0m [90m109 |[0m [32m          <div>[0m
  [90m    |[0m [31m[1m^^^^^^^^^^^^^^^[0m
[31m[1m>[0m [90m110 |[0m [32m            <FooterHeading title="Connect" />[0m
  [90m    |[0m [31m[1m^^^^^^^^^^^^^^^^^^^^^^^^^^^^^^^^^^^^^^^^^^^^^[0m
[31m[1m>[0m [90m111 |[0m [32m            <ul className="space-y-3">[0m
  [90m    |[0m [31m[1m^^^^^^^^^^^^^^^^^^^^^^^^^^^^^^^^^^^^^^[0m
[31m[1m>[0m [90m112 |[0m [32m              {connectDetails.map((item) => ([0m
  [90m    |[0m [31m[1m^^^^^^^^^^^^^^^^^^^^^^^^^^^^^^^^^^^^^^^^^^^^^[0m
[31m[1m>[0m [90m113 |[0m [32m                <li key={item.value}>[0m
  [90m    |[0m [31m[1m^^^^^^^^^^^^^^^^^^^^^^^^^^^^^^^^^^^^^[0m
[31m[1m>[0m [90m114 |[0m [32m                  <a[0m
  [90m    |[0m [31m[1m^^^^^^^^^^^^^^^^^^^^[0m
[31m[1m>[0m [90m115 |[0m [32m                    href={item.href}[0m
  [90m    |[0m [31m[1m^^^^^^^^^^^^^^^^^^^^^^^^^^^^^^^^^^^^[0m
[31m[1m>[0m [90m116 |[0m [32m                    className="flex items-start 
hover:text-white transition-colors text-b...[0m
  [90m    |[0m [31m[1m^^^^^^^^^^^^^^^^^^^^^^^^^^^^^^^^^^^^^^^^^^^^^^^^^^^^^^^^^^^^^^^^
^^^^^^^^^^^^^^^^^^^^^^^^^^^^[0m
[31m[1m>[0m [90m117 |[0m [32m                  >[0m
  [90m    |[0m [31m[1m^^^^^^^^^^^^^^^^^^^[0m
[31m[1m>[0m [90m118 |[0m [32m                    <item.icon className="w-5 h-5 mr-3 
flex-shrink-0" />[0m
  [90m    |[0m 
[31m[1m^^^^^^^^^^^^^^^^^^^^^^^^^^^^^^^^^^^^^^^^^^^^^^^^^^^^^^^^^^^^^^^^^^^^^^^^[0m
[31m[1m>[0m [90m119 |[0m [32m                    <span>{item.value}</span>[0m
  [90m    |[0m [31m[1m^^^^^^^^^^^^^^^^^^^^^^^^^^^^^^^^^^^^^^^^^^^^^[0m
[31m[1m>[0m [90m120 |[0m [32m                  </a>[0m
  [90m    |[0m [31m[1m^^^^^^^^^^^^^^^^^^^^^^[0m
[31m[1m>[0m [90m121 |[0m [32m                </li>[0m
  [90m    |[0m [31m[1m^^^^^^^^^^^^^^^^^^^^^[0m
[31m[1m>[0m [90m122 |[0m [32m              ))}[0m
  [90m    |[0m [31m[1m^^^^^^^^^^^^^^^^^[0m
[31m[1m>[0m [90m123 |[0m [32m            </ul>[0m
  [90m    |[0m [31m[1m^^^^^^^^^^^^^^^^^[0m
[31m[1m>[0m [90m124 |[0m [32m          </div>[0m
  [90m    |[0m [31m[1m^^^^^^^^^^^^^^^^[0m
[31m[1m>[0m [90m125 |[0m
  [90m    |[0m [31m[1m^[0m
[31m[1m>[0m [90m126 |[0m [32m          {/* Follow */}[0m
  [90m    |[0m [31m[1m^^^^^^^^^^^^^^^^^^^^^^^^[0m
[31m[1m>[0m [90m127 |[0m [32m          <div>[0m
  [90m    |[0m [31m[1m^^^^^^^^^^^^^^^[0m
[31m[1m>[0m [90m128 |[0m [32m            <FooterHeading title="Follow" />[0m
  [90m    |[0m [31m[1m^^^^^^^^^^^^^^^^^^^^^^^^^^^^^^^^^^^^^^^^^^^^[0m
[31m[1m>[0m [90m129 |[0m [32m            <div className="flex gap-4">[0m
  [90m    |[0m [31m[1m^^^^^^^^^^^^^^^^^^^^^^^^^^^^^^^^^^^^^^^^[0m
[31m[1m>[0m [90m130 |[0m [32m              {socialIcons.map((social) => ([0m
  [90m    |[0m [31m[1m^^^^^^^^^^^^^^^^^^^^^^^^^^^^^^^^^^^^^^^^^^^^[0m
[31m[1m>[0m [90m131 |[0m [32m                <a[0m
  [90m    |[0m [31m[1m^^^^^^^^^^^^^^^^^^[0m
[31m[1m>[0m [90m132 |[0m [32m                  key={social.name}[0m
  [90m    |[0m [31m[1m^^^^^^^^^^^^^^^^^^^^^^^^^^^^^^^^^^^[0m
[31m[1m>[0m [90m133 |[0m [32m                  href={social.href}[0m
  [90m    |[0m [31m[1m^^^^^^^^^^^^^^^^^^^^^^^^^^^^^^^^^^^^[0m
[31m[1m>[0m [90m134 |[0m [32m                  target={social.target}[0m
  [90m    |[0m [31m[1m^^^^^^^^^^^^^^^^^^^^^^^^^^^^^^^^^^^^^^^^[0m
[31m[1m>[0m [90m135 |[0m [32m                  rel="noopener noreferrer"[0m
  [90m    |[0m [31m[1m^^^^^^^^^^^^^^^^^^^^^^^^^^^^^^^^^^^^^^^^^^^[0m
[31m[1m>[0m [90m136 |[0m [32m                  aria-label={social.name}[0m
  [90m    |[0m [31m[1m^^^^^^^^^^^^^^^^^^^^^^^^^^^^^^^^^^^^^^^^^^[0m
[31m[1m>[0m [90m137 |[0m [32m                  className="text-slate-300/80 
hover:text-white transition-colors"[0m
  [90m    |[0m [31m[1m^^^^^^^^^^^^^^^^^^^^^^^^^^^^^^^^^^^^^^^^^^^^^^^^^^^^^^^^^^^^^^^^
^^^^^^^^^^^^^^^^^^[0m
[31m[1m>[0m [90m138 |[0m [32m                >[0m
  [90m    |[0m [31m[1m^^^^^^^^^^^^^^^^^[0m
[31m[1m>[0m [90m139 |[0m [32m                  <social.icon className="w-6 h-6" 
/>[0m
  [90m    |[0m [31m[1m^^^^^^^^^^^^^^^^^^^^^^^^^^^^^^^^^^^^^^^^^^^^^^^^^^^^^[0m
[31m[1m>[0m [90m140 |[0m [32m                </a>[0m
  [90m    |[0m [31m[1m^^^^^^^^^^^^^^^^^^^^[0m
[31m[1m>[0m [90m141 |[0m [32m              ))}[0m
  [90m    |[0m [31m[1m^^^^^^^^^^^^^^^^^[0m
[31m[1m>[0m [90m142 |[0m [32m            </div>[0m
  [90m    |[0m [31m[1m^^^^^^^^^^^^^^^^^^[0m
[31m[1m>[0m [90m143 |[0m [32m          </div>[0m
  [90m    |[0m [31m[1m^^^^^^^^^^^^^^^^[0m
[31m[1m>[0m [90m144 |[0m [32m        </div>[0m
  [90m    |[0m [31m[1m^^^^^^^^^^^^^^[0m
[31m[1m>[0m [90m145 |[0m
  [90m    |[0m [31m[1m^[0m
[31m[1m>[0m [90m146 |[0m [32m        {/* Bottom bar */}[0m
  [90m    |[0m [31m[1m^^^^^^^^^^^^^^^^^^^^^^^^^^[0m
[31m[1m>[0m [90m147 |[0m [32m        <div className="border-t border-white/10 mt-12 
pt-6 flex flex-col md:flex-row md:...[0m
  [90m    |[0m [31m[1m^^^^^^^^^^^^^^^^^^^^^^^^^^^^^^^^^^^^^^^^^^^^^^^^^^^^^^^^^^^^^^^^
^^^^^^^^^^^^^^^^^^^^^^^^^^^^[0m
[31m[1m>[0m [90m148 |[0m [32m          <div className="flex flex-col gap-1">[0m
  [90m    |[0m [31m[1m^^^^^^^^^^^^^^^^^^^^^^^^^^^^^^^^^^^^^^^^^^^^^^^[0m
[31m[1m>[0m [90m149 |[0m [32m            <p className="text-base font-normal 
italic">[0m
  [90m    |[0m [31m[1m^^^^^^^^^^^^^^^^^^^^^^^^^^^^^^^^^^^^^^^^^^^^^^^^^^^^^^^^[0m
[31m[1m>[0m [90m150 |[0m [32m              ┬⌐ 2026 Hre┼í─ìi─ç.com. All rights 
reserved.[0m
  [90m    |[0m [31m[1m^^^^^^^^^^^^^^^^^^^^^^^^^^^^^^^^^^^^^^^^^^^^^^^^^^^^^^[0m
[31m[1m>[0m [90m151 |[0m [32m            </p>[0m
  [90m    |[0m [31m[1m^^^^^^^^^^^^^^^^[0m
[31m[1m>[0m [90m152 |[0m [32m          </div>[0m
  [90m    |[0m [31m[1m^^^^^^^^^^^^^^^^[0m
[31m[1m>[0m [90m153 |[0m [32m          <div className="flex flex-wrap 
justify-center md:justify-end gap-4 text-xs md:t...[0m
  [90m    |[0m [31m[1m^^^^^^^^^^^^^^^^^^^^^^^^^^^^^^^^^^^^^^^^^^^^^^^^^^^^^^^^^^^^^^^^
^^^^^^^^^^^^^^^^^^^^^^^^^^^^[0m
[31m[1m>[0m [90m154 |[0m [32m            <p className="text-base italic 
font-normal">[0m
  [90m    |[0m [31m[1m^^^^^^^^^^^^^^^^^^^^^^^^^^^^^^^^^^^^^^^^^^^^^^^^^^^^^^^^[0m
[31m[1m>[0m [90m155 |[0m [32m              Made with strategy, storytelling &amp; 
strong coffee in Samobor. Γÿò[0m
  [90m    |[0m [31m[1m^^^^^^^^^^^^^^^^^^^^^^^^^^^^^^^^^^^^^^^^^^^^^^^^^^^^^^^^^^^^^^^^
^^^^^^^^^^^^^^^^^[0m
[31m[1m>[0m [90m156 |[0m [32m            </p>[0m
  [90m    |[0m [31m[1m^^^^^^^^^^^^^^^^[0m
[31m[1m>[0m [90m157 |[0m [32m          </div>[0m
  [90m    |[0m [31m[1m^^^^^^^^^^^^^^^^[0m
[31m[1m>[0m [90m158 |[0m [32m        </div>[0m
  [90m    |[0m [31m[1m^^^^^^^^^^^^^^[0m
[31m[1m>[0m [90m159 |[0m [32m      </div>[0m
  [90m    |[0m [31m[1m^^^^^^^^^^^^[0m
[31m[1m>[0m [90m160 |[0m [32m    </footer>[0m
  [90m    |[0m [31m[1m^^^^^^^^^^^^^[0m
[31m[1m>[0m [90m161 |[0m [32m  );[0m
  [90m    |[0m [31m[1m^^^^[0m
[31m[1m>[0m [90m162 |[0m [32m};[0m
  [90m    |[0m [31m[1m^^[0m
[31m[1m>[0m [90m163 |[0m
  [90m    |[0m [31m[1m^[0m
[31m[1m>[0m [90m164 |[0m [32mexport default Footer;[0m
  [90m    |[0m [31m[1m^^^^^^^^^^^^^^^^^^^^^^[0m
[31m[1m>[0m [90m165 |[0m
  [90m    |[0m [31m[1m^[0m

Parsing ecmascript source code failed

Import trace:
  Server Component:
    ./src/components/sections/Footer.tsx
    ./src/app/layout.tsx


./src/components/sections/Header.tsx:301:23
Unterminated string constant
  [90m299 |[0m               >
  [90m300 |[0m                 <img
[31m[1m>[0m [90m301 |[0m                   
src=[32m'/assets/Image/hrescic-logo.svg"[0m
  [90m    |[0m                       [31m[1m^^^^^^^^^^^^^^^^^^^^^^^^^^^^^^^[0m
[31m[1m>[0m [90m302 |[0m [32m                  alt="Hrescic logo"[0m
  [90m    |[0m [31m[1m^^^^^^^^^^^^^^^^^^^^^^^^^^^^^^^^^^^^[0m
[31m[1m>[0m [90m303 |[0m [32m                  className="h-8 w-auto"[0m
  [90m    |[0m [31m[1m^^^^^^^^^^^^^^^^^^^^^^^^^^^^^^^^^^^^^^^^[0m
[31m[1m>[0m [90m304 |[0m [32m                />[0m
  [90m    |[0m [31m[1m^^^^^^^^^^^^^^^^^^[0m
[31m[1m>[0m [90m305 |[0m [32m              </Link>[0m
  [90m    |[0m [31m[1m^^^^^^^^^^^^^^^^^^^^^[0m
[31m[1m>[0m [90m306 |[0m [32m            </div>[0m
  [90m    |[0m [31m[1m^^^^^^^^^^^^^^^^^^[0m
[31m[1m>[0m [90m307 |[0m
  [90m    |[0m [31m[1m^[0m
[31m[1m>[0m [90m308 |[0m [32m            <nav className="hidden md:flex 
items-center gap-6">[0m
  [90m    |[0m 
[31m[1m^^^^^^^^^^^^^^^^^^^^^^^^^^^^^^^^^^^^^^^^^^^^^^^^^^^^^^^^^^^^^^^[0m
[31m[1m>[0m [90m309 |[0m [32m              {navItems.map((item) => {[0m
  [90m    |[0m [31m[1m^^^^^^^^^^^^^^^^^^^^^^^^^^^^^^^^^^^^^^^[0m
[31m[1m>[0m [90m310 |[0m [32m                const isActive = activeMega === 
item.megaKey;[0m
  [90m    |[0m 
[31m[1m^^^^^^^^^^^^^^^^^^^^^^^^^^^^^^^^^^^^^^^^^^^^^^^^^^^^^^^^^^^^^[0m
[31m[1m>[0m [90m311 |[0m [32m                const hasMega = item.megaKey && 
megaMenuData[item.megaKey as string];[0m
  [90m    |[0m [31m[1m^^^^^^^^^^^^^^^^^^^^^^^^^^^^^^^^^^^^^^^^^^^^^^^^^^^^^^^^^^^^^^^^
^^^^^^^^^^^^^^^^^^^^^[0m
[31m[1m>[0m [90m312 |[0m
  [90m    |[0m [31m[1m^[0m
[31m[1m>[0m [90m313 |[0m [32m                return ([0m
  [90m    |[0m [31m[1m^^^^^^^^^^^^^^^^^^^^^^^^[0m
[31m[1m>[0m [90m314 |[0m [32m                  <Link[0m
  [90m    |[0m [31m[1m^^^^^^^^^^^^^^^^^^^^^^^[0m
[31m[1m>[0m [90m315 |[0m [32m                    key={item.name}[0m
  [90m    |[0m [31m[1m^^^^^^^^^^^^^^^^^^^^^^^^^^^^^^^^^^^[0m
[31m[1m>[0m [90m316 |[0m [32m                    href={item.href}[0m
  [90m    |[0m [31m[1m^^^^^^^^^^^^^^^^^^^^^^^^^^^^^^^^^^^^[0m
[31m[1m>[0m [90m317 |[0m [32m                    onMouseEnter={() =>[0m
  [90m    |[0m [31m[1m^^^^^^^^^^^^^^^^^^^^^^^^^^^^^^^^^^^^^^^[0m
[31m[1m>[0m [90m318 |[0m [32m                      hasMega ? 
setActiveMega(item.megaKey as string) : null[0m
  [90m    |[0m 
[31m[1m^^^^^^^^^^^^^^^^^^^^^^^^^^^^^^^^^^^^^^^^^^^^^^^^^^^^^^^^^^^^^^^^^^^^^^^^^^^^[0m
[31m[1m>[0m [90m319 |[0m [32m                    }[0m
  [90m    |[0m [31m[1m^^^^^^^^^^^^^^^^^^^^^[0m
[31m[1m>[0m [90m320 |[0m [32m                    className={`group text-[14px] 
font-medium transition-colors relative ${[0m
  [90m    |[0m [31m[1m^^^^^^^^^^^^^^^^^^^^^^^^^^^^^^^^^^^^^^^^^^^^^^^^^^^^^^^^^^^^^^^^
^^^^^^^^^^^^^^^^^^^^^^^^^^^[0m
[31m[1m>[0m [90m321 |[0m [32m                      isActive[0m
  [90m    |[0m [31m[1m^^^^^^^^^^^^^^^^^^^^^^^^^^^^^^[0m
[31m[1m>[0m [90m322 |[0m [32m                        ? "text-gray-900"[0m
  [90m    |[0m [31m[1m^^^^^^^^^^^^^^^^^^^^^^^^^^^^^^^^^^^^^^^^^[0m
[31m[1m>[0m [90m323 |[0m [32m                        : "text-[#555] 
hover:text-gray-900"[0m
  [90m    |[0m [31m[1m^^^^^^^^^^^^^^^^^^^^^^^^^^^^^^^^^^^^^^^^^^^^^^^^^^^^^^^^^^^[0m
[31m[1m>[0m [90m324 |[0m [32m                    }`}[0m
  [90m    |[0m [31m[1m^^^^^^^^^^^^^^^^^^^^^^^[0m
[31m[1m>[0m [90m325 |[0m [32m                  >[0m
  [90m    |[0m [31m[1m^^^^^^^^^^^^^^^^^^^[0m
[31m[1m>[0m [90m326 |[0m [32m                    {item.name}[0m
  [90m    |[0m [31m[1m^^^^^^^^^^^^^^^^^^^^^^^^^^^^^^^[0m
[31m[1m>[0m [90m327 |[0m [32m                    {hasMega && ([0m
  [90m    |[0m [31m[1m^^^^^^^^^^^^^^^^^^^^^^^^^^^^^^^^^[0m
[31m[1m>[0m [90m328 |[0m [32m                      <span[0m
  [90m    |[0m [31m[1m^^^^^^^^^^^^^^^^^^^^^^^^^^^[0m
[31m[1m>[0m [90m329 |[0m [32m                        
className={`pointer-events-none absolute left-0 -bottom-1 h-[2px]...[0m
  [90m    |[0m [31m[1m^^^^^^^^^^^^^^^^^^^^^^^^^^^^^^^^^^^^^^^^^^^^^^^^^^^^^^^^^^^^^^^^
^^^^^^^^^^^^^^^^^^^^^^^^^^^^[0m
[31m[1m>[0m [90m330 |[0m [32m                          isActive[0m
  [90m    |[0m [31m[1m^^^^^^^^^^^^^^^^^^^^^^^^^^^^^^^^^^[0m
[31m[1m>[0m [90m331 |[0m [32m                            ? "w-full bg-[#31AC00]"[0m
  [90m    |[0m [31m[1m^^^^^^^^^^^^^^^^^^^^^^^^^^^^^^^^^^^^^^^^^^^^^^^^^^^[0m
[31m[1m>[0m [90m332 |[0m [32m                            : "w-0 bg-[#31AC00] 
group-hover:w-full"[0m
  [90m    |[0m 
[31m[1m^^^^^^^^^^^^^^^^^^^^^^^^^^^^^^^^^^^^^^^^^^^^^^^^^^^^^^^^^^^^^^^^^^^[0m
[31m[1m>[0m [90m333 |[0m [32m                        }`}[0m
  [90m    |[0m [31m[1m^^^^^^^^^^^^^^^^^^^^^^^^^^^[0m
[31m[1m>[0m [90m334 |[0m [32m                      />[0m
  [90m    |[0m [31m[1m^^^^^^^^^^^^^^^^^^^^^^^^[0m
[31m[1m>[0m [90m335 |[0m [32m                    )}[0m
  [90m    |[0m [31m[1m^^^^^^^^^^^^^^^^^^^^^^[0m
[31m[1m>[0m [90m336 |[0m [32m                  </Link>[0m
  [90m    |[0m [31m[1m^^^^^^^^^^^^^^^^^^^^^^^^^[0m
[31m[1m>[0m [90m337 |[0m [32m                );[0m
  [90m    |[0m [31m[1m^^^^^^^^^^^^^^^^^^[0m
[31m[1m>[0m [90m338 |[0m [32m              })}[0m
  [90m    |[0m [31m[1m^^^^^^^^^^^^^^^^^[0m
[31m[1m>[0m [90m339 |[0m
  [90m    |[0m [31m[1m^[0m
[31m[1m>[0m [90m340 |[0m [32m              <Link[0m
  [90m    |[0m [31m[1m^^^^^^^^^^^^^^^^^^^[0m
[31m[1m>[0m [90m341 |[0m [32m                href="/lets-talk#demo"[0m
  [90m    |[0m [31m[1m^^^^^^^^^^^^^^^^^^^^^^^^^^^^^^^^^^^^^^[0m
[31m[1m>[0m [90m342 |[0m [32m                className="bg-[#31AC00] 
hover:bg-[#2d9802] text-white px-6 py-3 rounded-f...[0m
  [90m    |[0m [31m[1m^^^^^^^^^^^^^^^^^^^^^^^^^^^^^^^^^^^^^^^^^^^^^^^^^^^^^^^^^^^^^^^^
^^^^^^^^^^^^^^^^^^^^^^^^^^^^[0m
[31m[1m>[0m [90m343 |[0m [32m              >[0m
  [90m    |[0m [31m[1m^^^^^^^^^^^^^^^[0m
[31m[1m>[0m [90m344 |[0m [32m                Book a Free Demo[0m
  [90m    |[0m [31m[1m^^^^^^^^^^^^^^^^^^^^^^^^^^^^^^^^[0m
[31m[1m>[0m [90m345 |[0m [32m              </Link>[0m
  [90m    |[0m [31m[1m^^^^^^^^^^^^^^^^^^^^^[0m
[31m[1m>[0m [90m346 |[0m
  [90m    |[0m [31m[1m^[0m
[31m[1m>[0m [90m347 |[0m [32m              <select[0m
  [90m    |[0m [31m[1m^^^^^^^^^^^^^^^^^^^^^[0m
[31m[1m>[0m [90m348 |[0m [32m                defaultValue={i18n.language}[0m
  [90m    |[0m [31m[1m^^^^^^^^^^^^^^^^^^^^^^^^^^^^^^^^^^^^^^^^^^^^[0m
[31m[1m>[0m [90m349 |[0m [32m                onChange={onChangeLang}[0m
  [90m    |[0m [31m[1m^^^^^^^^^^^^^^^^^^^^^^^^^^^^^^^^^^^^^^^[0m
[31m[1m>[0m [90m350 |[0m [32m                className="text-sm font-medium 
text-gray-700 border-none border-gray-200 ...[0m
  [90m    |[0m [31m[1m^^^^^^^^^^^^^^^^^^^^^^^^^^^^^^^^^^^^^^^^^^^^^^^^^^^^^^^^^^^^^^^^
^^^^^^^^^^^^^^^^^^^^^^^^^^^^[0m
[31m[1m>[0m [90m351 |[0m [32m              >[0m
  [90m    |[0m [31m[1m^^^^^^^^^^^^^^^[0m
[31m[1m>[0m [90m352 |[0m [32m                {LANGUAGES.map(({ code, label }) => 
([0m
  [90m    |[0m [31m[1m^^^^^^^^^^^^^^^^^^^^^^^^^^^^^^^^^^^^^^^^^^^^^^^^^^^^^[0m
[31m[1m>[0m [90m353 |[0m [32m                  <option key={code} value={code}>[0m
  [90m    |[0m [31m[1m^^^^^^^^^^^^^^^^^^^^^^^^^^^^^^^^^^^^^^^^^^^^^^^^^^[0m
[31m[1m>[0m [90m354 |[0m [32m                    {label}[0m
  [90m    |[0m [31m[1m^^^^^^^^^^^^^^^^^^^^^^^^^^^[0m
[31m[1m>[0m [90m355 |[0m [32m                  </option>[0m
  [90m    |[0m [31m[1m^^^^^^^^^^^^^^^^^^^^^^^^^^^[0m
[31m[1m>[0m [90m356 |[0m [32m                ))}[0m
  [90m    |[0m [31m[1m^^^^^^^^^^^^^^^^^^^[0m
[31m[1m>[0m [90m357 |[0m [32m              </select>[0m
  [90m    |[0m [31m[1m^^^^^^^^^^^^^^^^^^^^^^^[0m
[31m[1m>[0m [90m358 |[0m [32m            </nav>[0m
  [90m    |[0m [31m[1m^^^^^^^^^^^^^^^^^^[0m
[31m[1m>[0m [90m359 |[0m
  [90m    |[0m [31m[1m^[0m
[31m[1m>[0m [90m360 |[0m [32m            <div className="md:hidden">[0m
  [90m    |[0m [31m[1m^^^^^^^^^^^^^^^^^^^^^^^^^^^^^^^^^^^^^^^[0m
[31m[1m>[0m [90m361 |[0m [32m              <button[0m
  [90m    |[0m [31m[1m^^^^^^^^^^^^^^^^^^^^^[0m
[31m[1m>[0m [90m362 |[0m [32m                onClick={() => 
setMobileOpen(!mobileOpen)}[0m
  [90m    |[0m [31m[1m^^^^^^^^^^^^^^^^^^^^^^^^^^^^^^^^^^^^^^^^^^^^^^^^^^^^^^^^^^[0m
[31m[1m>[0m [90m363 |[0m [32m                className="text-gray-700"[0m
  [90m    |[0m [31m[1m^^^^^^^^^^^^^^^^^^^^^^^^^^^^^^^^^^^^^^^^^[0m
[31m[1m>[0m [90m364 |[0m [32m              >[0m
  [90m    |[0m [31m[1m^^^^^^^^^^^^^^^[0m
[31m[1m>[0m [90m365 |[0m [32m                {mobileOpen ? <X className="w-6 h-6" 
/> : <Menu className="w-6 h-6" />}[0m
  [90m    |[0m [31m[1m^^^^^^^^^^^^^^^^^^^^^^^^^^^^^^^^^^^^^^^^^^^^^^^^^^^^^^^^^^^^^^^^
^^^^^^^^^^^^^^^^^^^^^^^[0m
[31m[1m>[0m [90m366 |[0m [32m              </button>[0m
  [90m    |[0m [31m[1m^^^^^^^^^^^^^^^^^^^^^^^[0m
[31m[1m>[0m [90m367 |[0m [32m            </div>[0m
  [90m    |[0m [31m[1m^^^^^^^^^^^^^^^^^^[0m
[31m[1m>[0m [90m368 |[0m [32m          </div>[0m
  [90m    |[0m [31m[1m^^^^^^^^^^^^^^^^[0m
[31m[1m>[0m [90m369 |[0m [32m        </div>[0m
  [90m    |[0m [31m[1m^^^^^^^^^^^^^^[0m
[31m[1m>[0m [90m370 |[0m
  [90m    |[0m [31m[1m^[0m
[31m[1m>[0m [90m371 |[0m [32m        {currentMega && ([0m
  [90m    |[0m [31m[1m^^^^^^^^^^^^^^^^^^^^^^^^^[0m
[31m[1m>[0m [90m372 |[0m [32m          <div className="hidden md:block absolute 
inset-x-0 top-full bg-white border-t b...[0m
  [90m    |[0m [31m[1m^^^^^^^^^^^^^^^^^^^^^^^^^^^^^^^^^^^^^^^^^^^^^^^^^^^^^^^^^^^^^^^^
^^^^^^^^^^^^^^^^^^^^^^^^^^^^[0m
[31m[1m>[0m [90m373 |[0m [32m            <div className="max-w-7xl mx-auto px-10 
py-8">[0m
  [90m    |[0m [31m[1m^^^^^^^^^^^^^^^^^^^^^^^^^^^^^^^^^^^^^^^^^^^^^^^^^^^^^^^^^^[0m
[31m[1m>[0m [90m374 |[0m [32m              <div className="mb-4">[0m
  [90m    |[0m [31m[1m^^^^^^^^^^^^^^^^^^^^^^^^^^^^^^^^^^^^[0m
[31m[1m>[0m [90m375 |[0m [32m                <h2 className="text-[26px] 
font-semibold text-gray-900">[0m
  [90m    |[0m 
[31m[1m^^^^^^^^^^^^^^^^^^^^^^^^^^^^^^^^^^^^^^^^^^^^^^^^^^^^^^^^^^^^^^^^^^^^^^^^[0m
[31m[1m>[0m [90m376 |[0m [32m                  {currentMega.title}[0m
  [90m    |[0m [31m[1m^^^^^^^^^^^^^^^^^^^^^^^^^^^^^^^^^^^^^[0m
[31m[1m>[0m [90m377 |[0m [32m                </h2>[0m
  [90m    |[0m [31m[1m^^^^^^^^^^^^^^^^^^^^^[0m
[31m[1m>[0m [90m378 |[0m [32m                {/* {currentMega.subtitle && ([0m
  [90m    |[0m [31m[1m^^^^^^^^^^^^^^^^^^^^^^^^^^^^^^^^^^^^^^^^^^^^^^[0m
[31m[1m>[0m [90m379 |[0m [32m                  <p className="mt-1 text-sm 
text-gray-500 max-w-xl">[0m
  [90m    |[0m 
[31m[1m^^^^^^^^^^^^^^^^^^^^^^^^^^^^^^^^^^^^^^^^^^^^^^^^^^^^^^^^^^^^^^^^^^^^^[0m
[31m[1m>[0m [90m380 |[0m [32m                    {currentMega.subtitle}[0m
  [90m    |[0m [31m[1m^^^^^^^^^^^^^^^^^^^^^^^^^^^^^^^^^^^^^^^^^^[0m
[31m[1m>[0m [90m381 |[0m [32m                  </p>[0m
  [90m    |[0m [31m[1m^^^^^^^^^^^^^^^^^^^^^^[0m
[31m[1m>[0m [90m382 |[0m [32m                )} */}[0m
  [90m    |[0m [31m[1m^^^^^^^^^^^^^^^^^^^^^^[0m
[31m[1m>[0m [90m383 |[0m [32m              </div>[0m
  [90m    |[0m [31m[1m^^^^^^^^^^^^^^^^^^^^[0m
[31m[1m>[0m [90m384 |[0m
  [90m    |[0m [31m[1m^[0m
[31m[1m>[0m [90m385 |[0m [32m              <div className="border-t border-gray-200 
mb-6" />[0m
  [90m    |[0m 
[31m[1m^^^^^^^^^^^^^^^^^^^^^^^^^^^^^^^^^^^^^^^^^^^^^^^^^^^^^^^^^^^^^^^[0m
[31m[1m>[0m [90m386 |[0m
  [90m    |[0m [31m[1m^[0m
[31m[1m>[0m [90m387 |[0m [32m              {(activeMega === "whatWeDo" || 
activeMega === "whoWeCreateFor") &&[0m
  [90m    |[0m [31m[1m^^^^^^^^^^^^^^^^^^^^^^^^^^^^^^^^^^^^^^^^^^^^^^^^^^^^^^^^^^^^^^^^
^^^^^^^^^^^^^^^^[0m
[31m[1m>[0m [90m388 |[0m [32m              currentSections ? ([0m
  [90m    |[0m [31m[1m^^^^^^^^^^^^^^^^^^^^^^^^^^^^^^^^^[0m
[31m[1m>[0m [90m389 |[0m [32m                <div className="flex items-stretch 
gap-10">[0m
  [90m    |[0m [31m[1m^^^^^^^^^^^^^^^^^^^^^^^^^^^^^^^^^^^^^^^^^^^^^^^^^^^^^^^^^^^[0m
[31m[1m>[0m [90m390 |[0m [32m                  {/* LEFT COLUMN */}[0m
  [90m    |[0m [31m[1m^^^^^^^^^^^^^^^^^^^^^^^^^^^^^^^^^^^^^[0m
[31m[1m>[0m [90m391 |[0m [32m                  <div className="w-64 flex-shrink-0 
pr-4">[0m
  [90m    |[0m [31m[1m^^^^^^^^^^^^^^^^^^^^^^^^^^^^^^^^^^^^^^^^^^^^^^^^^^^^^^^^^^^[0m
[31m[1m>[0m [90m392 |[0m [32m                    <h3 className="text-sm 
font-semibold uppercase text-gray-400 mb-2">[0m
  [90m    |[0m [31m[1m^^^^^^^^^^^^^^^^^^^^^^^^^^^^^^^^^^^^^^^^^^^^^^^^^^^^^^^^^^^^^^^^
^^^^^^^^^^^^^^^^^^^^^^^[0m
[31m[1m>[0m [90m393 |[0m [32m                      {activeMega === 
"whoWeCreateFor"[0m
  [90m    |[0m [31m[1m^^^^^^^^^^^^^^^^^^^^^^^^^^^^^^^^^^^^^^^^^^^^^^^^^^^^^^[0m
[31m[1m>[0m [90m394 |[0m [32m                        ? "Core Industries"[0m
  [90m    |[0m [31m[1m^^^^^^^^^^^^^^^^^^^^^^^^^^^^^^^^^^^^^^^^^^^[0m
[31m[1m>[0m [90m395 |[0m [32m                        : "Core Services"}[0m
  [90m    |[0m [31m[1m^^^^^^^^^^^^^^^^^^^^^^^^^^^^^^^^^^^^^^^^^^[0m
[31m[1m>[0m [90m396 |[0m [32m                    </h3>[0m
  [90m    |[0m [31m[1m^^^^^^^^^^^^^^^^^^^^^^^^^[0m
[31m[1m>[0m [90m397 |[0m
  [90m    |[0m [31m[1m^[0m
[31m[1m>[0m [90m398 |[0m [32m                    <div className="flex flex-col 
space-y-1">[0m
  [90m    |[0m 
[31m[1m^^^^^^^^^^^^^^^^^^^^^^^^^^^^^^^^^^^^^^^^^^^^^^^^^^^^^^^^^^^^^[0m
[31m[1m>[0m [90m399 |[0m [32m                      {currentSections.map((section, 
idx) => {[0m
  [90m    |[0m 
[31m[1m^^^^^^^^^^^^^^^^^^^^^^^^^^^^^^^^^^^^^^^^^^^^^^^^^^^^^^^^^^^^^^[0m
[31m[1m>[0m [90m400 |[0m [32m                        const isSelected = idx === 
activeSectionIndex;[0m
  [90m    |[0m 
[31m[1m^^^^^^^^^^^^^^^^^^^^^^^^^^^^^^^^^^^^^^^^^^^^^^^^^^^^^^^^^^^^^^^^^^^^^^[0m
[31m[1m>[0m [90m401 |[0m
  [90m    |[0m [31m[1m^[0m
[31m[1m>[0m [90m402 |[0m [32m                        return ([0m
  [90m    |[0m [31m[1m^^^^^^^^^^^^^^^^^^^^^^^^^^^^^^^^[0m
[31m[1m>[0m [90m403 |[0m [32m                          <Link[0m
  [90m    |[0m [31m[1m^^^^^^^^^^^^^^^^^^^^^^^^^^^^^^^[0m
[31m[1m>[0m [90m404 |[0m [32m                            key={section.title}[0m
  [90m    |[0m [31m[1m^^^^^^^^^^^^^^^^^^^^^^^^^^^^^^^^^^^^^^^^^^^^^^^[0m
[31m[1m>[0m [90m405 |[0m [32m                            href={section.href}[0m
  [90m    |[0m [31m[1m^^^^^^^^^^^^^^^^^^^^^^^^^^^^^^^^^^^^^^^^^^^^^^^[0m
[31m[1m>[0m [90m406 |[0m [32m                            onMouseEnter={() => 
setActiveSectionIndex(idx)}[0m
  [90m    |[0m 
[31m[1m^^^^^^^^^^^^^^^^^^^^^^^^^^^^^^^^^^^^^^^^^^^^^^^^^^^^^^^^^^^^^^^^^^^^^^^^^^^[0m
[31m[1m>[0m [90m407 |[0m [32m                            onClick={() => 
setActiveMega(null)}[0m
  [90m    |[0m 
[31m[1m^^^^^^^^^^^^^^^^^^^^^^^^^^^^^^^^^^^^^^^^^^^^^^^^^^^^^^^^^^^^^^^[0m
[31m[1m>[0m [90m408 |[0m [32m                            className={`block w-full 
text-left text-base font-bold py-3 p...[0m
  [90m    |[0m [31m[1m^^^^^^^^^^^^^^^^^^^^^^^^^^^^^^^^^^^^^^^^^^^^^^^^^^^^^^^^^^^^^^^^
^^^^^^^^^^^^^^^^^^^^^^^^^^^^[0m
[31m[1m>[0m [90m409 |[0m [32m                              isSelected[0m
  [90m    |[0m [31m[1m^^^^^^^^^^^^^^^^^^^^^^^^^^^^^^^^^^^^^^^^[0m
[31m[1m>[0m [90m410 |[0m [32m                                ? "bg-[#F4F5F7] 
text-[#31AC00]"[0m
  [90m    |[0m 
[31m[1m^^^^^^^^^^^^^^^^^^^^^^^^^^^^^^^^^^^^^^^^^^^^^^^^^^^^^^^^^^^^^^^[0m
[31m[1m>[0m [90m411 |[0m [32m                                : "text-gray-900 
hover:bg-gray-50"[0m
  [90m    |[0m 
[31m[1m^^^^^^^^^^^^^^^^^^^^^^^^^^^^^^^^^^^^^^^^^^^^^^^^^^^^^^^^^^^^^^^^^^[0m
[31m[1m>[0m [90m412 |[0m [32m                            }`}[0m
  [90m    |[0m [31m[1m^^^^^^^^^^^^^^^^^^^^^^^^^^^^^^^[0m
[31m[1m>[0m [90m413 |[0m [32m                          >[0m
  [90m    |[0m [31m[1m^^^^^^^^^^^^^^^^^^^^^^^^^^^[0m
[31m[1m>[0m [90m414 |[0m [32m                            {section.title}[0m
  [90m    |[0m [31m[1m^^^^^^^^^^^^^^^^^^^^^^^^^^^^^^^^^^^^^^^^^^^[0m
[31m[1m>[0m [90m415 |[0m [32m                          </Link>[0m
  [90m    |[0m [31m[1m^^^^^^^^^^^^^^^^^^^^^^^^^^^^^^^^^[0m
[31m[1m>[0m [90m416 |[0m [32m                        );[0m
  [90m    |[0m [31m[1m^^^^^^^^^^^^^^^^^^^^^^^^^^[0m
[31m[1m>[0m [90m417 |[0m [32m                      })}[0m
  [90m    |[0m [31m[1m^^^^^^^^^^^^^^^^^^^^^^^^^[0m
[31m[1m>[0m [90m418 |[0m [32m                    </div>[0m
  [90m    |[0m [31m[1m^^^^^^^^^^^^^^^^^^^^^^^^^^[0m
[31m[1m>[0m [90m419 |[0m [32m                  </div>[0m
  [90m    |[0m [31m[1m^^^^^^^^^^^^^^^^^^^^^^^^[0m
[31m[1m>[0m [90m420 |[0m
  [90m    |[0m [31m[1m^[0m
[31m[1m>[0m [90m421 |[0m [32m                  <div className="w-px bg-gray-200" 
/>[0m
  [90m    |[0m [31m[1m^^^^^^^^^^^^^^^^^^^^^^^^^^^^^^^^^^^^^^^^^^^^^^^^^^^^^^[0m
[31m[1m>[0m [90m422 |[0m
  [90m    |[0m [31m[1m^[0m
[31m[1m>[0m [90m423 |[0m [32m                  {/* RIGHT COLUMN */}[0m
  [90m    |[0m [31m[1m^^^^^^^^^^^^^^^^^^^^^^^^^^^^^^^^^^^^^^[0m
[31m[1m>[0m [90m424 |[0m [32m                  <div className="flex-1 pl-6">[0m
  [90m    |[0m [31m[1m^^^^^^^^^^^^^^^^^^^^^^^^^^^^^^^^^^^^^^^^^^^^^^^[0m
[31m[1m>[0m [90m425 |[0m [32m                    <h3 className="text-sm 
font-semibold uppercase text-gray-400 mb-2">[0m
  [90m    |[0m [31m[1m^^^^^^^^^^^^^^^^^^^^^^^^^^^^^^^^^^^^^^^^^^^^^^^^^^^^^^^^^^^^^^^^
^^^^^^^^^^^^^^^^^^^^^^^[0m
[31m[1m>[0m [90m426 |[0m [32m                      {activeMega === 
"whoWeCreateFor"[0m
  [90m    |[0m [31m[1m^^^^^^^^^^^^^^^^^^^^^^^^^^^^^^^^^^^^^^^^^^^^^^^^^^^^^^[0m
[31m[1m>[0m [90m427 |[0m [32m                        ? "Selected Case Studies"[0m
  [90m    |[0m [31m[1m^^^^^^^^^^^^^^^^^^^^^^^^^^^^^^^^^^^^^^^^^^^^^^^^^[0m
[31m[1m>[0m [90m428 |[0m [32m                        : "Subcategories"}[0m
  [90m    |[0m [31m[1m^^^^^^^^^^^^^^^^^^^^^^^^^^^^^^^^^^^^^^^^^^[0m
[31m[1m>[0m [90m429 |[0m [32m                    </h3>[0m
  [90m    |[0m [31m[1m^^^^^^^^^^^^^^^^^^^^^^^^^[0m
[31m[1m>[0m [90m430 |[0m
  [90m    |[0m [31m[1m^[0m
[31m[1m>[0m [90m431 |[0m [32m                    {currentActiveSection ? ([0m
  [90m    |[0m [31m[1m^^^^^^^^^^^^^^^^^^^^^^^^^^^^^^^^^^^^^^^^^^^^^[0m
[31m[1m>[0m [90m432 |[0m [32m                      <div className="grid grid-cols-2 
gap-x-10 gap-y-4">[0m
  [90m    |[0m 
[31m[1m^^^^^^^^^^^^^^^^^^^^^^^^^^^^^^^^^^^^^^^^^^^^^^^^^^^^^^^^^^^^^^^^^^^^^^^^^[0m
[31m[1m>[0m [90m433 |[0m [32m                        
{currentActiveSection.subcategories.map((sub) => {[0m
  [90m    |[0m 
[31m[1m^^^^^^^^^^^^^^^^^^^^^^^^^^^^^^^^^^^^^^^^^^^^^^^^^^^^^^^^^^^^^^^^^^^^^^^^^^[0m
[31m[1m>[0m [90m434 |[0m [32m                          const href = sub.href ?? 
currentActiveSection.href;[0m
  [90m    |[0m 
[31m[1m^^^^^^^^^^^^^^^^^^^^^^^^^^^^^^^^^^^^^^^^^^^^^^^^^^^^^^^^^^^^^^^^^^^^^^^^^^^^^[0m
[31m[1m>[0m [90m435 |[0m
  [90m    |[0m [31m[1m^[0m
[31m[1m>[0m [90m436 |[0m [32m                          return ([0m
  [90m    |[0m [31m[1m^^^^^^^^^^^^^^^^^^^^^^^^^^^^^^^^^^[0m
[31m[1m>[0m [90m437 |[0m [32m                            <Link[0m
  [90m    |[0m [31m[1m^^^^^^^^^^^^^^^^^^^^^^^^^^^^^^^^^[0m
[31m[1m>[0m [90m438 |[0m [32m                              key={sub.title}[0m
  [90m    |[0m [31m[1m^^^^^^^^^^^^^^^^^^^^^^^^^^^^^^^^^^^^^^^^^^^^^[0m
[31m[1m>[0m [90m439 |[0m [32m                              href={href}[0m
  [90m    |[0m [31m[1m^^^^^^^^^^^^^^^^^^^^^^^^^^^^^^^^^^^^^^^^^[0m
[31m[1m>[0m [90m440 |[0m [32m                              onClick={() => 
setActiveMega(null)}[0m
  [90m    |[0m 
[31m[1m^^^^^^^^^^^^^^^^^^^^^^^^^^^^^^^^^^^^^^^^^^^^^^^^^^^^^^^^^^^^^^^^^[0m
[31m[1m>[0m [90m441 |[0m [32m                              className="group flex 
flex-col p-3 rounded-md hover:bg-[#F4...[0m
  [90m    |[0m [31m[1m^^^^^^^^^^^^^^^^^^^^^^^^^^^^^^^^^^^^^^^^^^^^^^^^^^^^^^^^^^^^^^^^
^^^^^^^^^^^^^^^^^^^^^^^^^^^^[0m
[31m[1m>[0m [90m442 |[0m [32m                            >[0m
  [90m    |[0m [31m[1m^^^^^^^^^^^^^^^^^^^^^^^^^^^^^[0m
[31m[1m>[0m [90m443 |[0m [32m                              <h4 
className="text-[15px] font-semibold text-gray-900 grou...[0m
  [90m    |[0m [31m[1m^^^^^^^^^^^^^^^^^^^^^^^^^^^^^^^^^^^^^^^^^^^^^^^^^^^^^^^^^^^^^^^^
^^^^^^^^^^^^^^^^^^^^^^^^^^^^[0m
[31m[1m>[0m [90m444 |[0m [32m                                {sub.title}[0m
  [90m    |[0m [31m[1m^^^^^^^^^^^^^^^^^^^^^^^^^^^^^^^^^^^^^^^^^^^[0m
[31m[1m>[0m [90m445 |[0m [32m                              </h4>[0m
  [90m    |[0m [31m[1m^^^^^^^^^^^^^^^^^^^^^^^^^^^^^^^^^^^[0m
[31m[1m>[0m [90m446 |[0m [32m                              {sub.description && ([0m
  [90m    |[0m [31m[1m^^^^^^^^^^^^^^^^^^^^^^^^^^^^^^^^^^^^^^^^^^^^^^^^^^^[0m
[31m[1m>[0m [90m447 |[0m [32m                                <p className="mt-1 
text-xs text-gray-500 leading-relaxed">[0m
  [90m    |[0m [31m[1m^^^^^^^^^^^^^^^^^^^^^^^^^^^^^^^^^^^^^^^^^^^^^^^^^^^^^^^^^^^^^^^^
^^^^^^^^^^^^^^^^^^^^^^^^^^[0m
[31m[1m>[0m [90m448 |[0m [32m                                  {sub.description}[0m
  [90m    |[0m [31m[1m^^^^^^^^^^^^^^^^^^^^^^^^^^^^^^^^^^^^^^^^^^^^^^^^^^^[0m
[31m[1m>[0m [90m449 |[0m [32m                                </p>[0m
  [90m    |[0m [31m[1m^^^^^^^^^^^^^^^^^^^^^^^^^^^^^^^^^^^^[0m
[31m[1m>[0m [90m450 |[0m [32m                              )}[0m
  [90m    |[0m [31m[1m^^^^^^^^^^^^^^^^^^^^^^^^^^^^^^^^[0m
[31m[1m>[0m [90m451 |[0m [32m                            </Link>[0m
  [90m    |[0m [31m[1m^^^^^^^^^^^^^^^^^^^^^^^^^^^^^^^^^^^[0m
[31m[1m>[0m [90m452 |[0m [32m                          );[0m
  [90m    |[0m [31m[1m^^^^^^^^^^^^^^^^^^^^^^^^^^^^[0m
[31m[1m>[0m [90m453 |[0m [32m                        })}[0m
  [90m    |[0m [31m[1m^^^^^^^^^^^^^^^^^^^^^^^^^^^[0m
[31m[1m>[0m [90m454 |[0m [32m                      </div>[0m
  [90m    |[0m [31m[1m^^^^^^^^^^^^^^^^^^^^^^^^^^^^[0m
[31m[1m>[0m [90m455 |[0m [32m                    ) : ([0m
  [90m    |[0m [31m[1m^^^^^^^^^^^^^^^^^^^^^^^^^[0m
[31m[1m>[0m [90m456 |[0m [32m                      <p className="text-gray-500">[0m
  [90m    |[0m [31m[1m^^^^^^^^^^^^^^^^^^^^^^^^^^^^^^^^^^^^^^^^^^^^^^^^^^^[0m
[31m[1m>[0m [90m457 |[0m [32m                        Select a core service on the 
left to see subcategories.[0m
  [90m    |[0m [31m[1m^^^^^^^^^^^^^^^^^^^^^^^^^^^^^^^^^^^^^^^^^^^^^^^^^^^^^^^^^^^^^^^^
^^^^^^^^^^^^^^^[0m
[31m[1m>[0m [90m458 |[0m [32m                      </p>[0m
  [90m    |[0m [31m[1m^^^^^^^^^^^^^^^^^^^^^^^^^^[0m
[31m[1m>[0m [90m459 |[0m [32m                    )}[0m
  [90m    |[0m [31m[1m^^^^^^^^^^^^^^^^^^^^^^[0m
[31m[1m>[0m [90m460 |[0m [32m                  </div>[0m
  [90m    |[0m [31m[1m^^^^^^^^^^^^^^^^^^^^^^^^[0m
[31m[1m>[0m [90m461 |[0m [32m                </div>[0m
  [90m    |[0m [31m[1m^^^^^^^^^^^^^^^^^^^^^^[0m
[31m[1m>[0m [90m462 |[0m [32m              ) : ([0m
  [90m    |[0m [31m[1m^^^^^^^^^^^^^^^^^^^[0m
[31m[1m>[0m [90m463 |[0m [32m                currentMega?.items && ([0m
  [90m    |[0m [31m[1m^^^^^^^^^^^^^^^^^^^^^^^^^^^^^^^^^^^^^^^[0m
[31m[1m>[0m [90m464 |[0m [32m                  <div className="flex 
items-stretch">[0m
  [90m    |[0m [31m[1m^^^^^^^^^^^^^^^^^^^^^^^^^^^^^^^^^^^^^^^^^^^^^^^^^^^^^^[0m
[31m[1m>[0m [90m465 |[0m [32m                    <div className="w-full">[0m
  [90m    |[0m [31m[1m^^^^^^^^^^^^^^^^^^^^^^^^^^^^^^^^^^^^^^^^^^^^[0m
[31m[1m>[0m [90m466 |[0m [32m                      {currentMega.items.map((section) 
=> ([0m
  [90m    |[0m [31m[1m^^^^^^^^^^^^^^^^^^^^^^^^^^^^^^^^^^^^^^^^^^^^^^^^^^^^^^^^^^^[0m
[31m[1m>[0m [90m467 |[0m [32m                        <div key={section.title} 
className="mb-6">[0m
  [90m    |[0m 
[31m[1m^^^^^^^^^^^^^^^^^^^^^^^^^^^^^^^^^^^^^^^^^^^^^^^^^^^^^^^^^^^^^^^^^^[0m
[31m[1m>[0m [90m468 |[0m [32m                          <h3 className="text-sm 
font-semibold uppercase text-[#31AC00] m...[0m
  [90m    |[0m [31m[1m^^^^^^^^^^^^^^^^^^^^^^^^^^^^^^^^^^^^^^^^^^^^^^^^^^^^^^^^^^^^^^^^
^^^^^^^^^^^^^^^^^^^^^^^^^^^^[0m
[31m[1m>[0m [90m469 |[0m [32m                            {section.title}[0m
  [90m    |[0m [31m[1m^^^^^^^^^^^^^^^^^^^^^^^^^^^^^^^^^^^^^^^^^^^[0m
[31m[1m>[0m [90m470 |[0m [32m                          </h3>[0m
  [90m    |[0m [31m[1m^^^^^^^^^^^^^^^^^^^^^^^^^^^^^^^[0m
[31m[1m>[0m [90m471 |[0m [32m                          <div className="grid 
grid-cols-2 gap-x-10 gap-y-4">[0m
  [90m    |[0m 
[31m[1m^^^^^^^^^^^^^^^^^^^^^^^^^^^^^^^^^^^^^^^^^^^^^^^^^^^^^^^^^^^^^^^^^^^^^^^^^^^^^[0m
[31m[1m>[0m [90m472 |[0m [32m                            {section.cards.map((card) 
=> {[0m
  [90m    |[0m [31m[1m^^^^^^^^^^^^^^^^^^^^^^^^^^^^^^^^^^^^^^^^^^^^^^^^^^^^^^^^^^[0m
[31m[1m>[0m [90m473 |[0m [32m                              const href = card.href 
?? "#";[0m
  [90m    |[0m [31m[1m^^^^^^^^^^^^^^^^^^^^^^^^^^^^^^^^^^^^^^^^^^^^^^^^^^^^^^^^^^^^[0m
[31m[1m>[0m [90m474 |[0m [32m                              return ([0m
  [90m    |[0m [31m[1m^^^^^^^^^^^^^^^^^^^^^^^^^^^^^^^^^^^^^^[0m
[31m[1m>[0m [90m475 |[0m [32m                                <Link[0m
  [90m    |[0m [31m[1m^^^^^^^^^^^^^^^^^^^^^^^^^^^^^^^^^^^^^[0m
[31m[1m>[0m [90m476 |[0m [32m                                  key={card.title}[0m
  [90m    |[0m [31m[1m^^^^^^^^^^^^^^^^^^^^^^^^^^^^^^^^^^^^^^^^^^^^^^^^^^[0m
[31m[1m>[0m [90m477 |[0m [32m                                  href={href}[0m
  [90m    |[0m [31m[1m^^^^^^^^^^^^^^^^^^^^^^^^^^^^^^^^^^^^^^^^^^^^^[0m
[31m[1m>[0m [90m478 |[0m [32m                                  onClick={() => 
setActiveMega(null)}[0m
  [90m    |[0m 
[31m[1m^^^^^^^^^^^^^^^^^^^^^^^^^^^^^^^^^^^^^^^^^^^^^^^^^^^^^^^^^^^^^^^^^^^^^[0m
[31m[1m>[0m [90m479 |[0m [32m                                  className="group 
flex flex-col p-3 rounded-md hover:bg-...[0m
  [90m    |[0m [31m[1m^^^^^^^^^^^^^^^^^^^^^^^^^^^^^^^^^^^^^^^^^^^^^^^^^^^^^^^^^^^^^^^^
^^^^^^^^^^^^^^^^^^^^^^^^^^^^[0m
[31m[1m>[0m [90m480 |[0m [32m                                >[0m
  [90m    |[0m [31m[1m^^^^^^^^^^^^^^^^^^^^^^^^^^^^^^^^^[0m
[31m[1m>[0m [90m481 |[0m [32m                                  <h4 
className="text-[15px] font-semibold text-gray-900 ...[0m
  [90m    |[0m [31m[1m^^^^^^^^^^^^^^^^^^^^^^^^^^^^^^^^^^^^^^^^^^^^^^^^^^^^^^^^^^^^^^^^
^^^^^^^^^^^^^^^^^^^^^^^^^^^^[0m
[31m[1m>[0m [90m482 |[0m [32m                                    {card.title}[0m
  [90m    |[0m [31m[1m^^^^^^^^^^^^^^^^^^^^^^^^^^^^^^^^^^^^^^^^^^^^^^^^[0m
[31m[1m>[0m [90m483 |[0m [32m                                  </h4>[0m
  [90m    |[0m [31m[1m^^^^^^^^^^^^^^^^^^^^^^^^^^^^^^^^^^^^^^^[0m
[31m[1m>[0m [90m484 |[0m [32m                                  {card.description && 
([0m
  [90m    |[0m [31m[1m^^^^^^^^^^^^^^^^^^^^^^^^^^^^^^^^^^^^^^^^^^^^^^^^^^^^^^^^[0m
[31m[1m>[0m [90m485 |[0m [32m                                    <p className="mt-1 
text-xs text-gray-500 leading-rela...[0m
  [90m    |[0m [31m[1m^^^^^^^^^^^^^^^^^^^^^^^^^^^^^^^^^^^^^^^^^^^^^^^^^^^^^^^^^^^^^^^^
^^^^^^^^^^^^^^^^^^^^^^^^^^^^[0m
[31m[1m>[0m [90m486 |[0m [32m                                      
{card.description}[0m
  [90m    |[0m [31m[1m^^^^^^^^^^^^^^^^^^^^^^^^^^^^^^^^^^^^^^^^^^^^^^^^^^^^^^^^[0m
[31m[1m>[0m [90m487 |[0m [32m                                    </p>[0m
  [90m    |[0m [31m[1m^^^^^^^^^^^^^^^^^^^^^^^^^^^^^^^^^^^^^^^^[0m
[31m[1m>[0m [90m488 |[0m [32m                                  )}[0m
  [90m    |[0m [31m[1m^^^^^^^^^^^^^^^^^^^^^^^^^^^^^^^^^^^^[0m
[31m[1m>[0m [90m489 |[0m [32m                                </Link>[0m
  [90m    |[0m [31m[1m^^^^^^^^^^^^^^^^^^^^^^^^^^^^^^^^^^^^^^^[0m
[31m[1m>[0m [90m490 |[0m [32m                              );[0m
  [90m    |[0m [31m[1m^^^^^^^^^^^^^^^^^^^^^^^^^^^^^^^^[0m
[31m[1m>[0m [90m491 |[0m [32m                            })}[0m
  [90m    |[0m [31m[1m^^^^^^^^^^^^^^^^^^^^^^^^^^^^^^^[0m
[31m[1m>[0m [90m492 |[0m [32m                          </div>[0m
  [90m    |[0m [31m[1m^^^^^^^^^^^^^^^^^^^^^^^^^^^^^^^^[0m
[31m[1m>[0m [90m493 |[0m [32m                        </div>[0m
  [90m    |[0m [31m[1m^^^^^^^^^^^^^^^^^^^^^^^^^^^^^^[0m
[31m[1m>[0m [90m494 |[0m [32m                      ))}[0m
  [90m    |[0m [31m[1m^^^^^^^^^^^^^^^^^^^^^^^^^[0m
[31m[1m>[0m [90m495 |[0m [32m                    </div>[0m
  [90m    |[0m [31m[1m^^^^^^^^^^^^^^^^^^^^^^^^^^[0m
[31m[1m>[0m [90m496 |[0m [32m                  </div>[0m
  [90m    |[0m [31m[1m^^^^^^^^^^^^^^^^^^^^^^^^[0m
[31m[1m>[0m [90m497 |[0m [32m                )[0m
  [90m    |[0m [31m[1m^^^^^^^^^^^^^^^^^[0m
[31m[1m>[0m [90m498 |[0m [32m              )}[0m
  [90m    |[0m [31m[1m^^^^^^^^^^^^^^^^[0m
[31m[1m>[0m [90m499 |[0m [32m            </div>[0m
  [90m    |[0m [31m[1m^^^^^^^^^^^^^^^^^^[0m
[31m[1m>[0m [90m500 |[0m [32m          </div>[0m
  [90m    |[0m [31m[1m^^^^^^^^^^^^^^^^[0m
[31m[1m>[0m [90m501 |[0m [32m        )}[0m
  [90m    |[0m [31m[1m^^^^^^^^^^[0m
[31m[1m>[0m [90m502 |[0m
  [90m    |[0m [31m[1m^[0m
[31m[1m>[0m [90m503 |[0m [32m        <div[0m
  [90m    |[0m [31m[1m^^^^^^^^^^^^[0m
[31m[1m>[0m [90m504 |[0m [32m          className={`md:hidden overflow-hidden 
transition-all duration-300 ease-in-out b...[0m
  [90m    |[0m [31m[1m^^^^^^^^^^^^^^^^^^^^^^^^^^^^^^^^^^^^^^^^^^^^^^^^^^^^^^^^^^^^^^^^
^^^^^^^^^^^^^^^^^^^^^^^^^^^^[0m
[31m[1m>[0m [90m505 |[0m [32m            mobileOpen ? "max-h-screen opacity-100" : 
"max-h-0 opacity-0"[0m
  [90m    |[0m 
[31m[1m^^^^^^^^^^^^^^^^^^^^^^^^^^^^^^^^^^^^^^^^^^^^^^^^^^^^^^^^^^^^^^^^^^^^^^^^^[0m
[31m[1m>[0m [90m506 |[0m [32m          }`}[0m
  [90m    |[0m [31m[1m^^^^^^^^^^^^^[0m
[31m[1m>[0m [90m507 |[0m [32m        >[0m
  [90m    |[0m [31m[1m^^^^^^^^^[0m
[31m[1m>[0m [90m508 |[0m [32m          <nav className="flex flex-col px-4 pt-2 pb-6 
space-y-4">[0m
  [90m    |[0m 
[31m[1m^^^^^^^^^^^^^^^^^^^^^^^^^^^^^^^^^^^^^^^^^^^^^^^^^^^^^^^^^^^^^^^^^^[0m
[31m[1m>[0m [90m509 |[0m [32m            {navItems.map((item) => ([0m
  [90m    |[0m [31m[1m^^^^^^^^^^^^^^^^^^^^^^^^^^^^^^^^^^^^^[0m
[31m[1m>[0m [90m510 |[0m [32m              <Link[0m
  [90m    |[0m [31m[1m^^^^^^^^^^^^^^^^^^^[0m
[31m[1m>[0m [90m511 |[0m [32m                key={item.name}[0m
  [90m    |[0m [31m[1m^^^^^^^^^^^^^^^^^^^^^^^^^^^^^^^[0m
[31m[1m>[0m [90m512 |[0m [32m                href={item.href}[0m
  [90m    |[0m [31m[1m^^^^^^^^^^^^^^^^^^^^^^^^^^^^^^^^[0m
[31m[1m>[0m [90m513 |[0m [32m                onClick={() => 
setMobileOpen(false)}[0m
  [90m    |[0m [31m[1m^^^^^^^^^^^^^^^^^^^^^^^^^^^^^^^^^^^^^^^^^^^^^^^^^^^^[0m
[31m[1m>[0m [90m514 |[0m [32m                className="text-base font-medium 
text-gray-600 hover:text-gray-900"[0m
  [90m    |[0m [31m[1m^^^^^^^^^^^^^^^^^^^^^^^^^^^^^^^^^^^^^^^^^^^^^^^^^^^^^^^^^^^^^^^^
^^^^^^^^^^^^^^^^^^^[0m
[31m[1m>[0m [90m515 |[0m [32m              >[0m
  [90m    |[0m [31m[1m^^^^^^^^^^^^^^^[0m
[31m[1m>[0m [90m516 |[0m [32m                {item.name}[0m
  [90m    |[0m [31m[1m^^^^^^^^^^^^^^^^^^^^^^^^^^^[0m
[31m[1m>[0m [90m517 |[0m [32m              </Link>[0m
  [90m    |[0m [31m[1m^^^^^^^^^^^^^^^^^^^^^[0m
[31m[1m>[0m [90m518 |[0m [32m            ))}[0m
  [90m    |[0m [31m[1m^^^^^^^^^^^^^^^[0m
[31m[1m>[0m [90m519 |[0m
  [90m    |[0m [31m[1m^[0m
[31m[1m>[0m [90m520 |[0m [32m            <Link[0m
  [90m    |[0m [31m[1m^^^^^^^^^^^^^^^^^[0m
[31m[1m>[0m [90m521 |[0m [32m              href="/lets-talk#demo"[0m
  [90m    |[0m [31m[1m^^^^^^^^^^^^^^^^^^^^^^^^^^^^^^^^^^^^[0m
[31m[1m>[0m [90m522 |[0m [32m              onClick={() => setMobileOpen(false)}[0m
  [90m    |[0m [31m[1m^^^^^^^^^^^^^^^^^^^^^^^^^^^^^^^^^^^^^^^^^^^^^^^^^^[0m
[31m[1m>[0m [90m523 |[0m [32m              className="bg-[#31AC00] 
hover:bg-[#8000FF] text-white w-full py-3 rounded-f...[0m
  [90m    |[0m [31m[1m^^^^^^^^^^^^^^^^^^^^^^^^^^^^^^^^^^^^^^^^^^^^^^^^^^^^^^^^^^^^^^^^
^^^^^^^^^^^^^^^^^^^^^^^^^^^^[0m
[31m[1m>[0m [90m524 |[0m [32m            >[0m
  [90m    |[0m [31m[1m^^^^^^^^^^^^^[0m
[31m[1m>[0m [90m525 |[0m [32m              Book a Free Demo[0m
  [90m    |[0m [31m[1m^^^^^^^^^^^^^^^^^^^^^^^^^^^^^^[0m
[31m[1m>[0m [90m526 |[0m [32m            </Link>[0m
  [90m    |[0m [31m[1m^^^^^^^^^^^^^^^^^^^[0m
[31m[1m>[0m [90m527 |[0m
  [90m    |[0m [31m[1m^[0m
[31m[1m>[0m [90m528 |[0m [32m            <select[0m
  [90m    |[0m [31m[1m^^^^^^^^^^^^^^^^^^^[0m
[31m[1m>[0m [90m529 |[0m [32m              defaultValue={i18n.language}[0m
  [90m    |[0m [31m[1m^^^^^^^^^^^^^^^^^^^^^^^^^^^^^^^^^^^^^^^^^^[0m
[31m[1m>[0m [90m530 |[0m [32m              onChange={onChangeLang}[0m
  [90m    |[0m [31m[1m^^^^^^^^^^^^^^^^^^^^^^^^^^^^^^^^^^^^^[0m
[31m[1m>[0m [90m531 |[0m [32m              className="text-sm font-medium 
text-gray-700 border-none border-gray-200 ro...[0m
  [90m    |[0m [31m[1m^^^^^^^^^^^^^^^^^^^^^^^^^^^^^^^^^^^^^^^^^^^^^^^^^^^^^^^^^^^^^^^^
^^^^^^^^^^^^^^^^^^^^^^^^^^^^[0m
[31m[1m>[0m [90m532 |[0m [32m            >[0m
  [90m    |[0m [31m[1m^^^^^^^^^^^^^[0m
[31m[1m>[0m [90m533 |[0m [32m              {LANGUAGES.map(({ code, label }) => ([0m
  [90m    |[0m [31m[1m^^^^^^^^^^^^^^^^^^^^^^^^^^^^^^^^^^^^^^^^^^^^^^^^^^^[0m
[31m[1m>[0m [90m534 |[0m [32m                <option key={code} value={code}>[0m
  [90m    |[0m [31m[1m^^^^^^^^^^^^^^^^^^^^^^^^^^^^^^^^^^^^^^^^^^^^^^^^[0m
[31m[1m>[0m [90m535 |[0m [32m                  {label}[0m
  [90m    |[0m [31m[1m^^^^^^^^^^^^^^^^^^^^^^^^^[0m
[31m[1m>[0m [90m536 |[0m [32m                </option>[0m
  [90m    |[0m [31m[1m^^^^^^^^^^^^^^^^^^^^^^^^^[0m
[31m[1m>[0m [90m537 |[0m [32m              ))}[0m
  [90m    |[0m [31m[1m^^^^^^^^^^^^^^^^^[0m
[31m[1m>[0m [90m538 |[0m [32m            </select>[0m
  [90m    |[0m [31m[1m^^^^^^^^^^^^^^^^^^^^^[0m
[31m[1m>[0m [90m539 |[0m [32m          </nav>[0m
  [90m    |[0m [31m[1m^^^^^^^^^^^^^^^^[0m
[31m[1m>[0m [90m540 |[0m [32m        </div>[0m
  [90m    |[0m [31m[1m^^^^^^^^^^^^^^[0m
[31m[1m>[0m [90m541 |[0m [32m      </div>[0m
  [90m    |[0m [31m[1m^^^^^^^^^^^^[0m
[31m[1m>[0m [90m542 |[0m [32m    </header>[0m
  [90m    |[0m [31m[1m^^^^^^^^^^^^^[0m
[31m[1m>[0m [90m543 |[0m [32m  );[0m
  [90m    |[0m [31m[1m^^^^[0m
[31m[1m>[0m [90m544 |[0m [32m};[0m
  [90m    |[0m [31m[1m^^[0m
[31m[1m>[0m [90m545 |[0m
  [90m    |[0m [31m[1m^[0m
[31m[1m>[0m [90m546 |[0m [32mexport default Header;[0m
  [90m    |[0m [31m[1m^^^^^^^^^^^^^^^^^^^^^^[0m

Parsing ecmascript source code failed

Import trace:
  Server Component:
    ./src/components/sections/Header.tsx
    ./src/app/layout.tsx


./src/components/sections/IdeaInsightPage/FeaturedArticles.tsx:89:20
Unterminated string constant
  [90m 87 |[0m       <div className=[32m"absolute left-5 right-5 bottom-5 md:left-6 
md:right-6 md:bottom-6"[0m>
  [90m 88 |[0m         <div className=[32m"flex items-start gap-2 text-sm 
opacity-95"[0m>
[31m[1m>[0m [90m 89 |[0m           <img src=[32m'/assets/Image/circle.svg" 
className="w-5 mt-1" />[0m
  [90m    |[0m                    
[31m[1m^^^^^^^^^^^^^^^^^^^^^^^^^^^^^^^^^^^^^^^^^^^^^^^^^[0m
[31m[1m>[0m [90m 90 |[0m [32m          <p className="line-clamp-2 md:line-clamp-3 
text-white font-normal text-[14px]">[0m
  [90m    |[0m [31m[1m^^^^^^^^^^^^^^^^^^^^^^^^^^^^^^^^^^^^^^^^^^^^^^^^^^^^^^^^^^^^^^^^
^^^^^^^^^^^^^^^^^^^^^^^^^[0m
[31m[1m>[0m [90m 91 |[0m [32m            {a.bullet}[0m
  [90m    |[0m [31m[1m^^^^^^^^^^^^^^^^^^^^^^[0m
[31m[1m>[0m [90m 92 |[0m [32m          </p>[0m
  [90m    |[0m [31m[1m^^^^^^^^^^^^^^[0m
[31m[1m>[0m [90m 93 |[0m [32m        </div>[0m
  [90m    |[0m [31m[1m^^^^^^^^^^^^^^[0m
[31m[1m>[0m [90m 94 |[0m
  [90m    |[0m [31m[1m^[0m
[31m[1m>[0m [90m 95 |[0m [32m        <div className="mt-4 border-t border-[#591F94] 
pt-3 flex items-center gap-2 font-...[0m
  [90m    |[0m [31m[1m^^^^^^^^^^^^^^^^^^^^^^^^^^^^^^^^^^^^^^^^^^^^^^^^^^^^^^^^^^^^^^^^
^^^^^^^^^^^^^^^^^^^^^^^^^^^^[0m
[31m[1m>[0m [90m 96 |[0m [32m          <span>Read Article</span>[0m
  [90m    |[0m [31m[1m^^^^^^^^^^^^^^^^^^^^^^^^^^^^^^^^^^^[0m
[31m[1m>[0m [90m 97 |[0m [32m          <ArrowRight className="h-4 w-4 
transition-transform group-hover:translate-x-1" />[0m
  [90m    |[0m [31m[1m^^^^^^^^^^^^^^^^^^^^^^^^^^^^^^^^^^^^^^^^^^^^^^^^^^^^^^^^^^^^^^^^
^^^^^^^^^^^^^^^^^^^^^^^^^^^[0m
[31m[1m>[0m [90m 98 |[0m [32m        </div>[0m
  [90m    |[0m [31m[1m^^^^^^^^^^^^^^[0m
[31m[1m>[0m [90m 99 |[0m [32m      </div>[0m
  [90m    |[0m [31m[1m^^^^^^^^^^^^[0m
[31m[1m>[0m [90m100 |[0m [32m    </a>[0m
  [90m    |[0m [31m[1m^^^^^^^^[0m
[31m[1m>[0m [90m101 |[0m [32m  );[0m
  [90m    |[0m [31m[1m^^^^[0m
[31m[1m>[0m [90m102 |[0m [32m};[0m
  [90m    |[0m [31m[1m^^[0m
[31m[1m>[0m [90m103 |[0m
  [90m    |[0m [31m[1m^[0m
[31m[1m>[0m [90m104 |[0m [32mconst FeaturedArticles: React.FC = () => {[0m
  [90m    |[0m [31m[1m^^^^^^^^^^^^^^^^^^^^^^^^^^^^^^^^^^^^^^^^^^[0m
[31m[1m>[0m [90m105 |[0m [32m  return ([0m
  [90m    |[0m [31m[1m^^^^^^^^^^[0m
[31m[1m>[0m [90m106 |[0m [32m    <section className="container-xl py-14">[0m
  [90m    |[0m [31m[1m^^^^^^^^^^^^^^^^^^^^^^^^^^^^^^^^^^^^^^^^^^^^[0m
[31m[1m>[0m [90m107 |[0m [32m      {/* Row 1 */}[0m
  [90m    |[0m [31m[1m^^^^^^^^^^^^^^^^^^^[0m
[31m[1m>[0m [90m108 |[0m [32m      <div className="mb-4 pb-2 text-[22px] font-bold 
border-b  text-[#555555]">[0m
  [90m    |[0m [31m[1m^^^^^^^^^^^^^^^^^^^^^^^^^^^^^^^^^^^^^^^^^^^^^^^^^^^^^^^^^^^^^^^^
^^^^^^^^^^^^^^^^[0m
[31m[1m>[0m [90m109 |[0m [32m        Featured Articles[0m
  [90m    |[0m [31m[1m^^^^^^^^^^^^^^^^^^^^^^^^^[0m
[31m[1m>[0m [90m110 |[0m [32m      </div>[0m
  [90m    |[0m [31m[1m^^^^^^^^^^^^[0m
[31m[1m>[0m [90m111 |[0m [32m      <div className="grid grid-cols-1 sm:grid-cols-2 
lg:grid-cols-4 gap-4">[0m
  [90m    |[0m 
[31m[1m^^^^^^^^^^^^^^^^^^^^^^^^^^^^^^^^^^^^^^^^^^^^^^^^^^^^^^^^^^^^^^^^^^^^^^^^^^^^[0m
[31m[1m>[0m [90m112 |[0m [32m        {topArticles.map((a, i) => ([0m
  [90m    |[0m [31m[1m^^^^^^^^^^^^^^^^^^^^^^^^^^^^^^^^^^^^[0m
[31m[1m>[0m [90m113 |[0m [32m          <ArticleCard key={`top-${i}`} a={a} />[0m
  [90m    |[0m [31m[1m^^^^^^^^^^^^^^^^^^^^^^^^^^^^^^^^^^^^^^^^^^^^^^^^[0m
[31m[1m>[0m [90m114 |[0m [32m        ))}[0m
  [90m    |[0m [31m[1m^^^^^^^^^^^[0m
[31m[1m>[0m [90m115 |[0m [32m      </div>[0m
  [90m    |[0m [31m[1m^^^^^^^^^^^^[0m
[31m[1m>[0m [90m116 |[0m
  [90m    |[0m [31m[1m^[0m
[31m[1m>[0m [90m117 |[0m [32m      {/* Row 2 */}[0m
  [90m    |[0m [31m[1m^^^^^^^^^^^^^^^^^^^[0m
[31m[1m>[0m [90m118 |[0m [32m      <div className="mt-8 mb-4 text-sm font-medium 
text-black/80">[0m
  [90m    |[0m 
[31m[1m^^^^^^^^^^^^^^^^^^^^^^^^^^^^^^^^^^^^^^^^^^^^^^^^^^^^^^^^^^^^^^^^^^^[0m
[31m[1m>[0m [90m119 |[0m [32m        Featured Articles[0m
  [90m    |[0m [31m[1m^^^^^^^^^^^^^^^^^^^^^^^^^[0m
[31m[1m>[0m [90m120 |[0m [32m      </div>[0m
  [90m    |[0m [31m[1m^^^^^^^^^^^^[0m
[31m[1m>[0m [90m121 |[0m [32m      <div className="grid grid-cols-1 sm:grid-cols-2 
lg:grid-cols-3 gap-4">[0m
  [90m    |[0m 
[31m[1m^^^^^^^^^^^^^^^^^^^^^^^^^^^^^^^^^^^^^^^^^^^^^^^^^^^^^^^^^^^^^^^^^^^^^^^^^^^^[0m
[31m[1m>[0m [90m122 |[0m [32m        {bottomArticles.map((a, i) => ([0m
  [90m    |[0m [31m[1m^^^^^^^^^^^^^^^^^^^^^^^^^^^^^^^^^^^^^^^[0m
[31m[1m>[0m [90m123 |[0m [32m          <ArticleCard key={`bottom-${i}`} a={a} />[0m
  [90m    |[0m [31m[1m^^^^^^^^^^^^^^^^^^^^^^^^^^^^^^^^^^^^^^^^^^^^^^^^^^^[0m
[31m[1m>[0m [90m124 |[0m [32m        ))}[0m
  [90m    |[0m [31m[1m^^^^^^^^^^^[0m
[31m[1m>[0m [90m125 |[0m [32m      </div>[0m
  [90m    |[0m [31m[1m^^^^^^^^^^^^[0m
[31m[1m>[0m [90m126 |[0m [32m    </section>[0m
  [90m    |[0m [31m[1m^^^^^^^^^^^^^^[0m
[31m[1m>[0m [90m127 |[0m [32m  );[0m
  [90m    |[0m [31m[1m^^^^[0m
[31m[1m>[0m [90m128 |[0m [32m};[0m
  [90m    |[0m [31m[1m^^[0m
[31m[1m>[0m [90m129 |[0m
  [90m    |[0m [31m[1m^[0m
[31m[1m>[0m [90m130 |[0m [32mexport default FeaturedArticles;[0m
  [90m    |[0m [31m[1m^^^^^^^^^^^^^^^^^^^^^^^^^^^^^^^^[0m
[31m[1m>[0m [90m131 |[0m
  [90m    |[0m [31m[1m^[0m

Parsing ecmascript source code failed

Import traces:
  Browser:
    ./src/components/sections/IdeaInsightPage/FeaturedArticles.tsx
    ./src/components/sections/IdeaInsightPage/IdeasInsights.tsx
    ./src/pages/IdeaInsightPage.tsx

  SSR:
    ./src/components/sections/IdeaInsightPage/FeaturedArticles.tsx
    ./src/components/sections/IdeaInsightPage/IdeasInsights.tsx
    ./src/pages/IdeaInsightPage.tsx

  Server Component:
    ./src/components/sections/IdeaInsightPage/FeaturedArticles.tsx
    ./src/components/sections/IdeaInsightPage/IdeasInsights.tsx
    ./src/app/ideas-insights/page.tsx


./src/app/admin/(dashboard)/layout.tsx:2:1
Module not found: Can't resolve '@/components/app-sidebar'
  [90m1 |[0m [36mimport[0m { [33mSidebarProvider[0m, [33mSidebarTrigger[0m } 
[36mfrom[0m [32m"@/components/ui/sidebar"[0m
[31m[1m>[0m [90m2 |[0m [36mimport[0m { [33mAppSidebar[0m } [36mfrom[0m 
[32m"@/components/app-sidebar"[0m
  [90m  |[0m [31m[1m^^^^^^^^^^^^^^^^^^^^^^^^^^^^^^^^^^^^^^^^^^^^^^^^^^^^^[0m
  [90m3 |[0m [36mimport[0m { cookies } [36mfrom[0m [32m"next/headers"[0m;
  [90m4 |[0m [36mimport[0m { redirect } [36mfrom[0m [32m"next/navigation"[0m;
  [90m5 |[0m [36mimport[0m jwt [36mfrom[0m [32m"jsonwebtoken"[0m;

Import map: aliased to relative './src/components/app-sidebar' inside of [project]/


https://nextjs.org/docs/messages/module-not-found


./src/app/admin/(dashboard)/products/[id]/edit/page.tsx:4:1
Module not found: Can't resolve '@/components/products/SimpleProductForm'
  [90m2 |[0m
  [90m3 |[0m [36mimport[0m { useEffect, useState } [36mfrom[0m [32m"react"[0m;
[31m[1m>[0m [90m4 |[0m [36mimport[0m { [33mSimpleProductForm[0m } [36mfrom[0m 
[32m"@/components/products/SimpleProductForm"[0m;
  [90m  |[0m 
[31m[1m^^^^^^^^^^^^^^^^^^^^^^^^^^^^^^^^^^^^^^^^^^^^^^^^^^^^^^^^^^^^^^^^^^^^^^^^^^^^[0m
  [90m5 |[0m [36mimport[0m { use } [36mfrom[0m [32m"react"[0m;
  [90m6 |[0m
  [90m7 |[0m [36mexport[0m [36mdefault[0m [36mfunction[0m 
[33mEditProductPage[0m({ params }: { params: [33mPromise[0m<{ id: string }> }) {

Import map: aliased to relative './src/components/products/SimpleProductForm' inside of 
[project]/


Import traces:
  Client Component Browser:
    ./src/app/admin/(dashboard)/products/[id]/edit/page.tsx [Client Component Browser]
    ./src/app/admin/(dashboard)/products/[id]/edit/page.tsx [Server Component]

  Client Component SSR:
    ./src/app/admin/(dashboard)/products/[id]/edit/page.tsx [Client Component SSR]
    ./src/app/admin/(dashboard)/products/[id]/edit/page.tsx [Server Component]

https://nextjs.org/docs/messages/module-not-found


./src/app/admin/(dashboard)/products/new/page.tsx:1:1
Module not found: Can't resolve '@/components/products/SimpleProductForm'
[31m[1m>[0m [90m1 |[0m [36mimport[0m { [33mSimpleProductForm[0m } [36mfrom[0m 
[32m"@/components/products/SimpleProductForm"[0m;
  [90m  |[0m 
[31m[1m^^^^^^^^^^^^^^^^^^^^^^^^^^^^^^^^^^^^^^^^^^^^^^^^^^^^^^^^^^^^^^^^^^^^^^^^^^^^[0m
  [90m2 |[0m
  [90m3 |[0m [36mexport[0m [36mdefault[0m [36mfunction[0m 
[33mNewProductPage[0m() {
  [90m4 |[0m   [36mreturn[0m (

Import map: aliased to relative './src/components/products/SimpleProductForm' inside of 
[project]/


https://nextjs.org/docs/messages/module-not-found


./src/app/admin/(dashboard)/categories/page.tsx:29:1
Module not found: Can't resolve 'motion/react'
  [90m27 |[0m [36mimport[0m { [33mTextarea[0m } [36mfrom[0m 
[32m"@/components/ui/textarea"[0m;
  [90m28 |[0m [36mimport[0m { toast } [36mfrom[0m [32m"sonner"[0m;
[31m[1m>[0m [90m29 |[0m [36mimport[0m { motion, [33mAnimatePresence[0m } 
[36mfrom[0m [32m"motion/react"[0m;
  [90m   |[0m [31m[1m^^^^^^^^^^^^^^^^^^^^^^^^^^^^^^^^^^^^^^^^^^^^^^^^^^^^^^^[0m
  [90m30 |[0m
  [90m31 |[0m [36mtype[0m [33mCategoryType[0m = [32m"product"[0m | 
[32m"portfolio"[0m | [32m"blog"[0m;
  [90m32 |[0m



Import traces:
  Client Component Browser:
    ./src/app/admin/(dashboard)/categories/page.tsx [Client Component Browser]
    ./src/app/admin/(dashboard)/categories/page.tsx [Server Component]

  Client Component SSR:
    ./src/app/admin/(dashboard)/categories/page.tsx [Client Component SSR]
    ./src/app/admin/(dashboard)/categories/page.tsx [Server Component]

https://nextjs.org/docs/messages/module-not-found


./src/components/ui/breadcrumb.tsx:2:1
Module not found: Can't resolve 'radix-ui'
  [90m1 |[0m [36mimport[0m * [36mas[0m [33mReact[0m [36mfrom[0m [32m"react"[0m
[31m[1m>[0m [90m2 |[0m [36mimport[0m { [33mSlot[0m } [36mfrom[0m 
[32m"radix-ui"[0m
  [90m  |[0m [31m[1m^^^^^^^^^^^^^^^^^^^^^^^^^^^^^^^[0m
  [90m3 |[0m
  [90m4 |[0m [36mimport[0m { cn } [36mfrom[0m [32m"@/lib/utils"[0m
  [90m5 |[0m [36mimport[0m { [33mChevronRightIcon[0m, [33mMoreHorizontalIcon[0m } 
[36mfrom[0m [32m"lucide-react"[0m



Import trace:
  Server Component:
    ./src/components/ui/breadcrumb.tsx
    ./src/app/admin/(dashboard)/layout.tsx

https://nextjs.org/docs/messages/module-not-found


./src/components/ui/button.tsx:3:1
Module not found: Can't resolve 'radix-ui'
  [90m1 |[0m [36mimport[0m * [36mas[0m [33mReact[0m [36mfrom[0m [32m"react"[0m
  [90m2 |[0m [36mimport[0m { cva, [36mtype[0m [33mVariantProps[0m } [36mfrom[0m 
[32m"class-variance-authority"[0m
[31m[1m>[0m [90m3 |[0m [36mimport[0m { [33mSlot[0m } [36mfrom[0m 
[32m"radix-ui"[0m
  [90m  |[0m [31m[1m^^^^^^^^^^^^^^^^^^^^^^^^^^^^^^^[0m
  [90m4 |[0m
  [90m5 |[0m [36mimport[0m { cn } [36mfrom[0m [32m"@/lib/utils"[0m
  [90m6 |[0m



Import traces:
  Client Component Browser:
    ./src/components/ui/button.tsx [Client Component Browser]
    ./src/app/admin/(dashboard)/products/page.tsx [Client Component Browser]
    ./src/app/admin/(dashboard)/products/page.tsx [Server Component]

  Client Component SSR:
    ./src/components/ui/button.tsx [Client Component SSR]
    ./src/app/admin/(dashboard)/products/page.tsx [Client Component SSR]
    ./src/app/admin/(dashboard)/products/page.tsx [Server Component]

https://nextjs.org/docs/messages/module-not-found


./src/components/ui/label.tsx:4:1
Module not found: Can't resolve 'radix-ui'
  [90m2 |[0m
  [90m3 |[0m [36mimport[0m * [36mas[0m [33mReact[0m [36mfrom[0m [32m"react"[0m
[31m[1m>[0m [90m4 |[0m [36mimport[0m { [33mLabel[0m [36mas[0m 
[33mLabelPrimitive[0m } [36mfrom[0m [32m"radix-ui"[0m
  [90m  |[0m [31m[1m^^^^^^^^^^^^^^^^^^^^^^^^^^^^^^^^^^^^^^^^^^^^^^^^^^[0m
  [90m5 |[0m
  [90m6 |[0m [36mimport[0m { cn } [36mfrom[0m [32m"@/lib/utils"[0m
  [90m7 |[0m



Import traces:
  Client Component Browser:
    ./src/components/ui/label.tsx [Client Component Browser]
    ./src/app/admin/(dashboard)/categories/page.tsx [Client Component Browser]
    ./src/app/admin/(dashboard)/categories/page.tsx [Server Component]

  Client Component SSR:
    ./src/components/ui/label.tsx [Client Component SSR]
    ./src/app/admin/(dashboard)/categories/page.tsx [Client Component SSR]
    ./src/app/admin/(dashboard)/categories/page.tsx [Server Component]

https://nextjs.org/docs/messages/module-not-found


./src/components/ui/select.tsx:4:1
Module not found: Can't resolve 'radix-ui'
  [90m2 |[0m
  [90m3 |[0m [36mimport[0m * [36mas[0m [33mReact[0m [36mfrom[0m [32m"react"[0m
[31m[1m>[0m [90m4 |[0m [36mimport[0m { [33mSelect[0m [36mas[0m 
[33mSelectPrimitive[0m } [36mfrom[0m [32m"radix-ui"[0m
  [90m  |[0m [31m[1m^^^^^^^^^^^^^^^^^^^^^^^^^^^^^^^^^^^^^^^^^^^^^^^^^^^^[0m
  [90m5 |[0m
  [90m6 |[0m [36mimport[0m { cn } [36mfrom[0m [32m"@/lib/utils"[0m
  [90m7 |[0m [36mimport[0m { [33mChevronDownIcon[0m, [33mCheckIcon[0m, 
[33mChevronUpIcon[0m } [36mfrom[0m [32m"lucide-react"[0m



Import traces:
  Client Component Browser:
    ./src/components/ui/select.tsx [Client Component Browser]
    ./src/app/admin/(dashboard)/categories/page.tsx [Client Component Browser]
    ./src/app/admin/(dashboard)/categories/page.tsx [Server Component]

  Client Component SSR:
    ./src/components/ui/select.tsx [Client Component SSR]
    ./src/app/admin/(dashboard)/categories/page.tsx [Client Component SSR]
    ./src/app/admin/(dashboard)/categories/page.tsx [Server Component]

https://nextjs.org/docs/messages/module-not-found


./src/components/ui/separator.tsx:4:1
Module not found: Can't resolve 'radix-ui'
  [90m2 |[0m
  [90m3 |[0m [36mimport[0m * [36mas[0m [33mReact[0m [36mfrom[0m [32m"react"[0m
[31m[1m>[0m [90m4 |[0m [36mimport[0m { [33mSeparator[0m [36mas[0m 
[33mSeparatorPrimitive[0m } [36mfrom[0m [32m"radix-ui"[0m
  [90m  |[0m [31m[1m^^^^^^^^^^^^^^^^^^^^^^^^^^^^^^^^^^^^^^^^^^^^^^^^^^^^^^^^^^[0m
  [90m5 |[0m
  [90m6 |[0m [36mimport[0m { cn } [36mfrom[0m [32m"@/lib/utils"[0m
  [90m7 |[0m



Import trace:
  Server Component:
    ./src/components/ui/separator.tsx
    ./src/app/admin/(dashboard)/layout.tsx

https://nextjs.org/docs/messages/module-not-found


./src/components/ui/sheet.tsx:4:1
Module not found: Can't resolve 'radix-ui'
  [90m2 |[0m
  [90m3 |[0m [36mimport[0m * [36mas[0m [33mReact[0m [36mfrom[0m [32m"react"[0m
[31m[1m>[0m [90m4 |[0m [36mimport[0m { [33mDialog[0m [36mas[0m 
[33mSheetPrimitive[0m } [36mfrom[0m [32m"radix-ui"[0m
  [90m  |[0m [31m[1m^^^^^^^^^^^^^^^^^^^^^^^^^^^^^^^^^^^^^^^^^^^^^^^^^^^[0m
  [90m5 |[0m
  [90m6 |[0m [36mimport[0m { cn } [36mfrom[0m [32m"@/lib/utils"[0m
  [90m7 |[0m [36mimport[0m { [33mButton[0m } [36mfrom[0m 
[32m"@/components/ui/button"[0m



Import traces:
  Client Component Browser:
    ./src/components/ui/sheet.tsx [Client Component Browser]
    ./src/components/ui/sidebar.tsx [Client Component Browser]
    ./src/components/ui/sidebar.tsx [Server Component]
    ./src/app/admin/(dashboard)/layout.tsx [Server Component]

  Client Component SSR:
    ./src/components/ui/sheet.tsx [Client Component SSR]
    ./src/components/ui/sidebar.tsx [Client Component SSR]
    ./src/components/ui/sidebar.tsx [Server Component]
    ./src/app/admin/(dashboard)/layout.tsx [Server Component]

https://nextjs.org/docs/messages/module-not-found


./src/components/ui/sidebar.tsx:5:1
Module not found: Can't resolve 'radix-ui'
  [90m3 |[0m [36mimport[0m * [36mas[0m [33mReact[0m [36mfrom[0m [32m"react"[0m
  [90m4 |[0m [36mimport[0m { cva, [36mtype[0m [33mVariantProps[0m } [36mfrom[0m 
[32m"class-variance-authority"[0m
[31m[1m>[0m [90m5 |[0m [36mimport[0m { [33mSlot[0m } [36mfrom[0m 
[32m"radix-ui"[0m
  [90m  |[0m [31m[1m^^^^^^^^^^^^^^^^^^^^^^^^^^^^^^^[0m
  [90m6 |[0m
  [90m7 |[0m [36mimport[0m { useIsMobile } [36mfrom[0m [32m"@/hooks/use-mobile"[0m
  [90m8 |[0m [36mimport[0m { cn } [36mfrom[0m [32m"@/lib/utils"[0m



Import trace:
  Server Component:
    ./src/components/ui/sidebar.tsx
    ./src/app/admin/(dashboard)/layout.tsx

https://nextjs.org/docs/messages/module-not-found


./src/components/ui/tooltip.tsx:4:1
Module not found: Can't resolve 'radix-ui'
  [90m2 |[0m
  [90m3 |[0m [36mimport[0m * [36mas[0m [33mReact[0m [36mfrom[0m [32m"react"[0m
[31m[1m>[0m [90m4 |[0m [36mimport[0m { [33mTooltip[0m [36mas[0m 
[33mTooltipPrimitive[0m } [36mfrom[0m [32m"radix-ui"[0m
  [90m  |[0m [31m[1m^^^^^^^^^^^^^^^^^^^^^^^^^^^^^^^^^^^^^^^^^^^^^^^^^^^^^^[0m
  [90m5 |[0m
  [90m6 |[0m [36mimport[0m { cn } [36mfrom[0m [32m"@/lib/utils"[0m
  [90m7 |[0m



Import traces:
  Client Component Browser:
    ./src/components/ui/tooltip.tsx [Client Component Browser]
    ./src/components/ui/sidebar.tsx [Client Component Browser]
    ./src/components/ui/sidebar.tsx [Server Component]
    ./src/app/admin/(dashboard)/layout.tsx [Server Component]

  Client Component SSR:
    ./src/components/ui/tooltip.tsx [Client Component SSR]
    ./src/components/ui/sidebar.tsx [Client Component SSR]
    ./src/components/ui/sidebar.tsx [Server Component]
    ./src/app/admin/(dashboard)/layout.tsx [Server Component]

https://nextjs.org/docs/messages/module-not-found


    at <unknown> (./src/components/sections/IdeaInsightPage/MarketingBlogCart.tsx:60:26)
    at <unknown> (./src/components/sections/Footer.tsx:92:20)
    at <unknown> (./src/components/sections/Header.tsx:301:23)
    at <unknown> (./src/components/sections/IdeaInsightPage/FeaturedArticles.tsx:89:20)
    at <unknown> (./src/app/admin/(dashboard)/layout.tsx:2:1)
    at <unknown> (https://nextjs.org/docs/messages/module-not-found)
    at <unknown> (./src/app/admin/(dashboard)/products/[id]/edit/page.tsx:4:1)
    at <unknown> (https://nextjs.org/docs/messages/module-not-found)
    at <unknown> (./src/app/admin/(dashboard)/products/new/page.tsx:1:1)
    at <unknown> (https://nextjs.org/docs/messages/module-not-found)
    at <unknown> (./src/app/admin/(dashboard)/categories/page.tsx:29:1)
    at <unknown> (https://nextjs.org/docs/messages/module-not-found)
    at <unknown> (./src/components/ui/breadcrumb.tsx:2:1)
    at <unknown> (https://nextjs.org/docs/messages/module-not-found)
    at <unknown> (./src/components/ui/button.tsx:3:1)
    at <unknown> (https://nextjs.org/docs/messages/module-not-found)
    at <unknown> (./src/components/ui/label.tsx:4:1)
    at <unknown> (https://nextjs.org/docs/messages/module-not-found)
    at <unknown> (./src/components/ui/select.tsx:4:1)
    at <unknown> (https://nextjs.org/docs/messages/module-not-found)
    at <unknown> (./src/components/ui/separator.tsx:4:1)
    at <unknown> (https://nextjs.org/docs/messages/module-not-found)
    at <unknown> (./src/components/ui/sheet.tsx:4:1)
    at <unknown> (https://nextjs.org/docs/messages/module-not-found)
    at <unknown> (./src/components/ui/sidebar.tsx:5:1)
    at <unknown> (https://nextjs.org/docs/messages/module-not-found)
    at <unknown> (./src/components/ui/tooltip.tsx:4:1)
    at <unknown> (https://nextjs.org/docs/messages/module-not-found)
